// Vitest Snapshot v1, https://vitest.dev/guide/snapshot.html

exports[`HomePage renders correctly and matches snapshot 1`] = `
<div>
  <div
    class="min-h-screen bg-gray-50"
  >
    <header
      class="flex justify-between items-center p-4 border-b border-gray-200 bg-white shadow-sm"
    >
      <h1
        class="text-3xl font-extrabold text-indigo-700"
        data-testid="app-title"
      >
        Just Another Job Application Tracker
      </h1>
      <button
        aria-label="Login with Google"
        class="font-medium py-2 px-4 rounded-lg shadow-md transition duration-150 transform hover:scale-[1.02] bg-blue-600 hover:bg-blue-700 text-white "
        data-testid="login-button"
      >
        Login with Google
      </button>
    </header>
    <main
      class="max-w-7xl mx-auto py-8 px-4 sm:px-6 lg:px-8"
    >
      <section
        class="grid grid-cols-1 sm:grid-cols-2 lg:grid-cols-3 gap-6 my-8"
        data-testid="metrics-summary"
      >
        <div
          class="bg-white p-6 rounded-xl shadow-lg border-l-4 border-blue-500 transition duration-300 hover:shadow-xl"
        >
          <p
            class="text-sm font-medium text-gray-500"
          >
            Applications
          </p>
          <p
            class="mt-1 text-4xl font-extrabold text-gray-900"
          >
            0
          </p>
        </div>
        <div
          class="bg-white p-6 rounded-xl shadow-lg border-l-4 border-yellow-500 transition duration-300 hover:shadow-xl"
        >
          <p
            class="text-sm font-medium text-gray-500"
          >
            Interviews
          </p>
          <p
            class="mt-1 text-4xl font-extrabold text-gray-900"
          >
            0
          </p>
        </div>
        <div
          class="bg-white p-6 rounded-xl shadow-lg border-l-4 border-green-500 transition duration-300 hover:shadow-xl"
        >
          <p
            class="text-sm font-medium text-gray-500"
          >
            Offers
          </p>
          <p
            class="mt-1 text-4xl font-extrabold text-gray-900"
          >
            0
          </p>
        </div>
      </section>
      <div
        class="flex flex-col sm:flex-row justify-between items-start sm:items-center gap-4 mb-6 mt-10"
      >
        <div
          class="flex items-center gap-4 w-full sm:w-auto"
        >
          <h2
            class="text-2xl font-bold text-gray-800"
          >
            Application Pipeline
          </h2>
          <div
            class="flex items-center space-x-2 bg-white rounded-lg shadow-sm border border-gray-200 p-2"
          >
            <button
              class="
              flex items-center space-x-2 px-4 py-2 rounded-lg transition-all duration-150
              bg-indigo-100 text-indigo-700 font-semibold shadow-sm
            "
              title="Enhanced table with filters"
            >
              <svg
                class="w-5 h-5"
                fill="none"
                stroke="currentColor"
                viewBox="0 0 24 24"
              >
                <path
                  d="M3 10h18M3 14h18m-9-4v8m-7 0h14a2 2 0 002-2V8a2 2 0 00-2-2H5a2 2 0 00-2 2v8a2 2 0 002 2z"
                  stroke-linecap="round"
                  stroke-linejoin="round"
                  stroke-width="2"
                />
              </svg>
              <span
                class="hidden sm:inline"
              >
                Table
              </span>
            </button>
            <button
              class="
              flex items-center space-x-2 px-4 py-2 rounded-lg transition-all duration-150
              text-gray-600 hover:bg-gray-100 hover:text-gray-900
            "
              title="Chronological interview flow"
            >
              <svg
                class="w-5 h-5"
                fill="none"
                stroke="currentColor"
                viewBox="0 0 24 24"
              >
                <path
                  d="M12 8v4l3 3m6-3a9 9 0 11-18 0 9 9 0 0118 0z"
                  stroke-linecap="round"
                  stroke-linejoin="round"
                  stroke-width="2"
                />
              </svg>
              <span
                class="hidden sm:inline"
              >
                Timeline
              </span>
            </button>
            <button
              class="
              flex items-center space-x-2 px-4 py-2 rounded-lg transition-all duration-150
              text-gray-400 cursor-not-allowed opacity-50
            "
              disabled=""
              title="Board view [Coming Soon]"
            >
              <svg
                class="w-5 h-5"
                fill="none"
                stroke="currentColor"
                viewBox="0 0 24 24"
              >
                <path
                  d="M9 17V7m0 10a2 2 0 01-2 2H5a2 2 0 01-2-2V7a2 2 0 012-2h2a2 2 0 012 2m0 10a2 2 0 002 2h2a2 2 0 002-2M9 7a2 2 0 012-2h2a2 2 0 012 2m0 10V7m0 10a2 2 0 002 2h2a2 2 0 002-2V7a2 2 0 00-2-2h-2a2 2 0 00-2 2"
                  stroke-linecap="round"
                  stroke-linejoin="round"
                  stroke-width="2"
                />
              </svg>
              <span
                class="hidden sm:inline"
              >
                Kanban
              </span>
            </button>
            <button
              class="
              flex items-center space-x-2 px-4 py-2 rounded-lg transition-all duration-150
              text-gray-400 cursor-not-allowed opacity-50
            "
              disabled=""
              title="Calendar view [Coming Soon]"
            >
              <svg
                class="w-5 h-5"
                fill="none"
                stroke="currentColor"
                viewBox="0 0 24 24"
              >
                <path
                  d="M8 7V3m8 4V3m-9 8h10M5 21h14a2 2 0 002-2V7a2 2 0 00-2-2H5a2 2 0 00-2 2v12a2 2 0 002 2z"
                  stroke-linecap="round"
                  stroke-linejoin="round"
                  stroke-width="2"
                />
              </svg>
              <span
                class="hidden sm:inline"
              >
                Calendar
              </span>
            </button>
          </div>
        </div>
        <button
          aria-label="Add new application entry"
          class="bg-green-600 hover:bg-green-700 text-white font-bold py-2.5 px-6 rounded-full shadow-lg transition duration-150 transform hover:scale-[1.05]"
          data-testid="add-entry-button"
        >
          + Add Entry
        </button>
      </div>
      <div
        class="overflow-x-auto shadow-xl rounded-lg border border-gray-100"
      >
        <table
          class="min-w-full divide-y divide-gray-200"
          data-testid="application-table"
        >
          <thead
            class="bg-gray-50"
          >
            <tr>
              <th
                class="px-6 py-3 text-left text-xs font-semibold text-gray-600 uppercase tracking-wider bg-indigo-50 whitespace-nowrap"
                scope="col"
              >
                Position
              </th>
              <th
                class="px-6 py-3 text-left text-xs font-semibold text-gray-600 uppercase tracking-wider bg-indigo-50 whitespace-nowrap"
                scope="col"
              >
                Company
              </th>
              <th
                class="px-6 py-3 text-left text-xs font-semibold text-gray-600 uppercase tracking-wider bg-indigo-50 whitespace-nowrap"
                scope="col"
              >
                Salary
              </th>
              <th
                class="px-6 py-3 text-left text-xs font-semibold text-gray-600 uppercase tracking-wider bg-indigo-50 whitespace-nowrap"
                scope="col"
              >
                Status
              </th>
              <th
                class="px-6 py-3 text-left text-xs font-semibold text-gray-600 uppercase tracking-wider bg-indigo-50 whitespace-nowrap"
                scope="col"
              >
                Application Date
              </th>
              <th
                class="px-6 py-3 text-left text-xs font-semibold text-gray-600 uppercase tracking-wider bg-indigo-50 whitespace-nowrap"
                scope="col"
              >
                Interview Date
              </th>
              <th
                class="px-6 py-3 text-left text-xs font-semibold text-gray-600 uppercase tracking-wider bg-indigo-50 whitespace-nowrap"
                scope="col"
              >
                Platform
              </th>
              <th
                class="px-6 py-3 text-left text-xs font-semibold text-gray-600 uppercase tracking-wider bg-indigo-50 whitespace-nowrap"
                scope="col"
              >
                Contact Name
              </th>
              <th
                class="px-6 py-3 text-left text-xs font-semibold text-gray-600 uppercase tracking-wider bg-indigo-50 whitespace-nowrap"
                scope="col"
              >
                Follow-up Date
              </th>
              <th
                class="px-6 py-3 text-left text-xs font-semibold text-gray-600 uppercase tracking-wider bg-indigo-50 whitespace-nowrap"
                scope="col"
              >
                Notes
              </th>
              <th
                class="px-6 py-3 text-left text-xs font-semibold text-gray-600 uppercase tracking-wider bg-indigo-50 whitespace-nowrap"
                scope="col"
              >
                Link
              </th>
            </tr>
          </thead>
          <tbody
            class="bg-white divide-y divide-gray-100"
          >
            <tr>
              <td
                class="px-6 py-10 text-center text-gray-400 italic"
                colspan="12"
              >
                Use the "+ Add Entry" button to start tracking your applications!
              </td>
            </tr>
          </tbody>
        </table>
      </div>
    </main>
  </div>
  <div
    class="fixed top-4 right-4 z-50 w-full max-w-md space-y-2 pointer-events-none"
  />
</div>
`;
